// Jest Snapshot v1, https://goo.gl/fbAQLP

exports[`App should match the snapshot with all of the data passed through 1`] = `
<div
  className="App"
>
  <h1
    className="app-title"
  >
    Turing Cafe Reservations
  </h1>
  <div
    className="resy-form"
  >
    <ReserveForm
      addReservation={[Function]}
    />
  </div>
  <div
    className="resy-container"
  >
    <Reservations
      reservations={
        Array [
          Object {
            "date": "1/14",
            "id": 1,
            "name": "Sam",
            "number": 2,
            "time": "16:00",
          },
        ]
      }
    />
  </div>
</div>
`;
